Copyright 1986-2019 Xilinx, Inc. All Rights Reserved.
---------------------------------------------------------------------------------------------------------
| Tool Version : Vivado v.2019.1 (lin64) Build 2552052 Fri May 24 14:47:09 MDT 2019
| Date         : Wed Oct 30 22:03:54 2019
| Host         : megatron running 64-bit Ubuntu 18.04.3 LTS
| Command      : report_control_sets -verbose -file AutoCorrelationFunction_v1_0_control_sets_placed.rpt
| Design       : AutoCorrelationFunction_v1_0
| Device       : xc7z010
---------------------------------------------------------------------------------------------------------

Control Set Information

Table of Contents
-----------------
1. Summary
2. Histogram
3. Flip-Flop Distribution
4. Detailed Control Set Information

1. Summary
----------

+----------------------------------------------------------+-------+
|                          Status                          | Count |
+----------------------------------------------------------+-------+
| Total control sets                                       |   143 |
|    Minimum number of control sets                        |   143 |
|    Addition due to synthesis replication                 |     0 |
|    Addition due to physical synthesis replication        |     0 |
| Unused register locations in slices containing registers |   815 |
+----------------------------------------------------------+-------+
* Control sets can be merged at opt_design using control_set_merge or merge_equivalent_drivers
** Run report_qor_suggestions for automated merging and remapping suggestions


2. Histogram
------------

+--------------------+-------+
|       Fanout       | Count |
+--------------------+-------+
| Total control sets |   143 |
| >= 0 to < 4        |    69 |
| >= 4 to < 6        |     1 |
| >= 6 to < 8        |     0 |
| >= 8 to < 10       |    23 |
| >= 10 to < 12      |     0 |
| >= 12 to < 14      |     0 |
| >= 14 to < 16      |     0 |
| >= 16              |    50 |
+--------------------+-------+
* Control sets can be remapped at either synth_design or opt_design


3. Flip-Flop Distribution
-------------------------

+--------------+-----------------------+------------------------+-----------------+--------------+
| Clock Enable | Synchronous Set/Reset | Asynchronous Set/Reset | Total Registers | Total Slices |
+--------------+-----------------------+------------------------+-----------------+--------------+
| No           | No                    | No                     |            1887 |          467 |
| No           | No                    | Yes                    |             460 |          176 |
| No           | Yes                   | No                     |              31 |           26 |
| Yes          | No                    | No                     |               4 |            1 |
| Yes          | No                    | Yes                    |            1035 |          246 |
| Yes          | Yes                   | No                     |               0 |            0 |
+--------------+-----------------------+------------------------+-----------------+--------------+


4. Detailed Control Set Information
-----------------------------------

+-------------------------+-----------------------------------------------------------------------------------------------------------------------------------------------------------------+-------------------------------------------------------------------------------------------------------------------------------------------------------------------------------------------------------------+------------------+----------------+
|       Clock Signal      |                                                                          Enable Signal                                                                          |                                                                                               Set/Reset Signal                                                                                              | Slice Load Count | Bel Load Count |
+-------------------------+-----------------------------------------------------------------------------------------------------------------------------------------------------------------+-------------------------------------------------------------------------------------------------------------------------------------------------------------------------------------------------------------+------------------+----------------+
|  smpl_clk_IBUF_BUFG     |                                                                                                                                                                 | AutoCorrelationFunction_v1_0_S00_AXI_inst/acf/genblk1[21].niblock/tdc_pl/smallFIFO/U0/inst_fifo_gen/gconvfifo.rf/grf.rf/rstblk/rst_d2                                                                       |                1 |              2 |
|  s00_axi_aclk_IBUF_BUFG |                                                                                                                                                                 | AutoCorrelationFunction_v1_0_S00_AXI_inst/acf/genblk1[4].niblock/tdc_pl/smallFIFO/U0/inst_fifo_gen/gconvfifo.rf/grf.rf/rstblk/ngwrdrst.grst.g7serrst.gnsckt_wrst.gic_rst.sckt_rd_rst_ic_reg_0[0]            |                1 |              2 |
|  s00_axi_aclk_IBUF_BUFG |                                                                                                                                                                 | AutoCorrelationFunction_v1_0_S00_AXI_inst/acf/genblk1[5].niblock/tdc_pl/smallFIFO/U0/inst_fifo_gen/gconvfifo.rf/grf.rf/rstblk/ngwrdrst.grst.g7serrst.gnsckt_wrst.gic_rst.sckt_rd_rst_ic_reg_0[0]            |                1 |              2 |
|  s00_axi_aclk_IBUF_BUFG |                                                                                                                                                                 | AutoCorrelationFunction_v1_0_S00_AXI_inst/acf/genblk1[6].niblock/tdc_pl/smallFIFO/U0/inst_fifo_gen/gconvfifo.rf/grf.rf/rstblk/ngwrdrst.grst.g7serrst.gnsckt_wrst.gic_rst.sckt_rd_rst_ic_reg_0[0]            |                1 |              2 |
|  s00_axi_aclk_IBUF_BUFG |                                                                                                                                                                 | AutoCorrelationFunction_v1_0_S00_AXI_inst/acf/genblk1[7].niblock/tdc_pl/smallFIFO/U0/inst_fifo_gen/gconvfifo.rf/grf.rf/rstblk/ngwrdrst.grst.g7serrst.gnsckt_wrst.gic_rst.sckt_rd_rst_ic_reg_0[0]            |                2 |              2 |
|  s00_axi_aclk_IBUF_BUFG |                                                                                                                                                                 | AutoCorrelationFunction_v1_0_S00_AXI_inst/acf/genblk1[8].niblock/tdc_pl/smallFIFO/U0/inst_fifo_gen/gconvfifo.rf/grf.rf/rstblk/ngwrdrst.grst.g7serrst.gnsckt_wrst.gic_rst.sckt_rd_rst_ic_reg_0[0]            |                1 |              2 |
|  s00_axi_aclk_IBUF_BUFG |                                                                                                                                                                 | AutoCorrelationFunction_v1_0_S00_AXI_inst/acf/genblk1[9].niblock/tdc_pl/smallFIFO/U0/inst_fifo_gen/gconvfifo.rf/grf.rf/rstblk/ngwrdrst.grst.g7serrst.gnsckt_wrst.gic_rst.sckt_rd_rst_ic_reg_0[0]            |                1 |              2 |
|  s00_axi_aclk_IBUF_BUFG |                                                                                                                                                                 | AutoCorrelationFunction_v1_0_S00_AXI_inst/acf/genblk1[10].niblock/tdc_pl/smallFIFO/U0/inst_fifo_gen/gconvfifo.rf/grf.rf/rstblk/ngwrdrst.grst.g7serrst.gnsckt_wrst.gic_rst.sckt_rd_rst_ic_reg_0[0]           |                1 |              2 |
|  s00_axi_aclk_IBUF_BUFG |                                                                                                                                                                 | AutoCorrelationFunction_v1_0_S00_AXI_inst/acf/photonCounter/smallFIFO/U0/inst_fifo_gen/gconvfifo.rf/grf.rf/rstblk/ngwrdrst.grst.g7serrst.gnsckt_wrst.gic_rst.sckt_rd_rst_ic_reg_0[0]                        |                1 |              2 |
|  smpl_clk_IBUF_BUFG     |                                                                                                                                                                 | AutoCorrelationFunction_v1_0_S00_AXI_inst/acf/genblk1[10].niblock/tdc_pl/smallFIFO/U0/inst_fifo_gen/gconvfifo.rf/grf.rf/rstblk/rst_d2                                                                       |                1 |              2 |
|  smpl_clk_IBUF_BUFG     |                                                                                                                                                                 | AutoCorrelationFunction_v1_0_S00_AXI_inst/acf/genblk1[9].niblock/tdc_pl/smallFIFO/U0/inst_fifo_gen/gconvfifo.rf/grf.rf/rstblk/rst_d2                                                                        |                1 |              2 |
|  smpl_clk_IBUF_BUFG     |                                                                                                                                                                 | AutoCorrelationFunction_v1_0_S00_AXI_inst/acf/genblk1[8].niblock/tdc_pl/smallFIFO/U0/inst_fifo_gen/gconvfifo.rf/grf.rf/rstblk/rst_d2                                                                        |                1 |              2 |
|  smpl_clk_IBUF_BUFG     |                                                                                                                                                                 | AutoCorrelationFunction_v1_0_S00_AXI_inst/acf/genblk1[7].niblock/tdc_pl/smallFIFO/U0/inst_fifo_gen/gconvfifo.rf/grf.rf/rstblk/rst_d2                                                                        |                1 |              2 |
|  smpl_clk_IBUF_BUFG     |                                                                                                                                                                 | AutoCorrelationFunction_v1_0_S00_AXI_inst/acf/genblk1[6].niblock/tdc_pl/smallFIFO/U0/inst_fifo_gen/gconvfifo.rf/grf.rf/rstblk/rst_d2                                                                        |                1 |              2 |
|  smpl_clk_IBUF_BUFG     |                                                                                                                                                                 | AutoCorrelationFunction_v1_0_S00_AXI_inst/acf/genblk1[5].niblock/tdc_pl/smallFIFO/U0/inst_fifo_gen/gconvfifo.rf/grf.rf/rstblk/rst_d2                                                                        |                1 |              2 |
|  smpl_clk_IBUF_BUFG     |                                                                                                                                                                 | AutoCorrelationFunction_v1_0_S00_AXI_inst/acf/genblk1[4].niblock/tdc_pl/smallFIFO/U0/inst_fifo_gen/gconvfifo.rf/grf.rf/rstblk/rst_d2                                                                        |                1 |              2 |
|  smpl_clk_IBUF_BUFG     |                                                                                                                                                                 | AutoCorrelationFunction_v1_0_S00_AXI_inst/acf/photonCounter/smallFIFO/U0/inst_fifo_gen/gconvfifo.rf/grf.rf/rstblk/rst_d2                                                                                    |                1 |              2 |
|  smpl_clk_IBUF_BUFG     |                                                                                                                                                                 | AutoCorrelationFunction_v1_0_S00_AXI_inst/acf/genblk1[3].niblock/tdc_pl/smallFIFO/U0/inst_fifo_gen/gconvfifo.rf/grf.rf/rstblk/rst_d2                                                                        |                1 |              2 |
|  smpl_clk_IBUF_BUFG     |                                                                                                                                                                 | AutoCorrelationFunction_v1_0_S00_AXI_inst/acf/genblk1[20].niblock/tdc_pl/smallFIFO/U0/inst_fifo_gen/gconvfifo.rf/grf.rf/rstblk/rst_d2                                                                       |                1 |              2 |
|  smpl_clk_IBUF_BUFG     |                                                                                                                                                                 | AutoCorrelationFunction_v1_0_S00_AXI_inst/acf/genblk1[19].niblock/tdc_pl/smallFIFO/U0/inst_fifo_gen/gconvfifo.rf/grf.rf/rstblk/rst_d2                                                                       |                1 |              2 |
|  smpl_clk_IBUF_BUFG     |                                                                                                                                                                 | AutoCorrelationFunction_v1_0_S00_AXI_inst/acf/genblk1[18].niblock/tdc_pl/smallFIFO/U0/inst_fifo_gen/gconvfifo.rf/grf.rf/rstblk/rst_d2                                                                       |                1 |              2 |
|  smpl_clk_IBUF_BUFG     |                                                                                                                                                                 | AutoCorrelationFunction_v1_0_S00_AXI_inst/acf/genblk1[0].niblock/tdc_pl/smallFIFO/U0/inst_fifo_gen/gconvfifo.rf/grf.rf/rstblk/rst_d2                                                                        |                1 |              2 |
|  smpl_clk_IBUF_BUFG     |                                                                                                                                                                 | AutoCorrelationFunction_v1_0_S00_AXI_inst/acf/genblk1[1].niblock/tdc_pl/smallFIFO/U0/inst_fifo_gen/gconvfifo.rf/grf.rf/rstblk/rst_d2                                                                        |                1 |              2 |
|  smpl_clk_IBUF_BUFG     |                                                                                                                                                                 | AutoCorrelationFunction_v1_0_S00_AXI_inst/acf/genblk1[2].niblock/tdc_pl/smallFIFO/U0/inst_fifo_gen/gconvfifo.rf/grf.rf/rstblk/rst_d2                                                                        |                1 |              2 |
|  smpl_clk_IBUF_BUFG     |                                                                                                                                                                 | AutoCorrelationFunction_v1_0_S00_AXI_inst/acf/genblk1[11].niblock/tdc_pl/smallFIFO/U0/inst_fifo_gen/gconvfifo.rf/grf.rf/rstblk/rst_d2                                                                       |                1 |              2 |
|  smpl_clk_IBUF_BUFG     |                                                                                                                                                                 | AutoCorrelationFunction_v1_0_S00_AXI_inst/acf/genblk1[12].niblock/tdc_pl/smallFIFO/U0/inst_fifo_gen/gconvfifo.rf/grf.rf/rstblk/rst_d2                                                                       |                1 |              2 |
|  smpl_clk_IBUF_BUFG     |                                                                                                                                                                 | AutoCorrelationFunction_v1_0_S00_AXI_inst/acf/genblk1[13].niblock/tdc_pl/smallFIFO/U0/inst_fifo_gen/gconvfifo.rf/grf.rf/rstblk/rst_d2                                                                       |                1 |              2 |
|  smpl_clk_IBUF_BUFG     |                                                                                                                                                                 | AutoCorrelationFunction_v1_0_S00_AXI_inst/acf/genblk1[14].niblock/tdc_pl/smallFIFO/U0/inst_fifo_gen/gconvfifo.rf/grf.rf/rstblk/rst_d2                                                                       |                1 |              2 |
|  smpl_clk_IBUF_BUFG     |                                                                                                                                                                 | AutoCorrelationFunction_v1_0_S00_AXI_inst/acf/genblk1[15].niblock/tdc_pl/smallFIFO/U0/inst_fifo_gen/gconvfifo.rf/grf.rf/rstblk/rst_d2                                                                       |                1 |              2 |
|  smpl_clk_IBUF_BUFG     |                                                                                                                                                                 | AutoCorrelationFunction_v1_0_S00_AXI_inst/acf/genblk1[16].niblock/tdc_pl/smallFIFO/U0/inst_fifo_gen/gconvfifo.rf/grf.rf/rstblk/rst_d2                                                                       |                1 |              2 |
|  smpl_clk_IBUF_BUFG     |                                                                                                                                                                 | AutoCorrelationFunction_v1_0_S00_AXI_inst/acf/genblk1[17].niblock/tdc_pl/smallFIFO/U0/inst_fifo_gen/gconvfifo.rf/grf.rf/rstblk/rst_d2                                                                       |                1 |              2 |
|  s00_axi_aclk_IBUF_BUFG |                                                                                                                                                                 | AutoCorrelationFunction_v1_0_S00_AXI_inst/acf/genblk1[19].niblock/tdc_pl/smallFIFO/U0/inst_fifo_gen/gconvfifo.rf/grf.rf/rstblk/ngwrdrst.grst.g7serrst.gnsckt_wrst.gic_rst.sckt_rd_rst_ic_reg_0[0]           |                1 |              2 |
|  s00_axi_aclk_IBUF_BUFG |                                                                                                                                                                 | AutoCorrelationFunction_v1_0_S00_AXI_inst/acf/genblk1[16].niblock/tdc_pl/smallFIFO/U0/inst_fifo_gen/gconvfifo.rf/grf.rf/rstblk/ngwrdrst.grst.g7serrst.gnsckt_wrst.gic_rst.sckt_rd_rst_ic_reg_0[0]           |                1 |              2 |
|  s00_axi_aclk_IBUF_BUFG |                                                                                                                                                                 | AutoCorrelationFunction_v1_0_S00_AXI_inst/acf/genblk1[0].niblock/tdc_pl/smallFIFO/U0/inst_fifo_gen/gconvfifo.rf/grf.rf/rstblk/ngwrdrst.grst.g7serrst.gnsckt_wrst.gic_rst.sckt_rd_rst_ic_reg_0[0]            |                1 |              2 |
|  s00_axi_aclk_IBUF_BUFG |                                                                                                                                                                 | AutoCorrelationFunction_v1_0_S00_AXI_inst/acf/genblk1[17].niblock/tdc_pl/smallFIFO/U0/inst_fifo_gen/gconvfifo.rf/grf.rf/rstblk/ngwrdrst.grst.g7serrst.gnsckt_wrst.gic_rst.sckt_rd_rst_ic_reg_0[0]           |                1 |              2 |
|  s00_axi_aclk_IBUF_BUFG |                                                                                                                                                                 | AutoCorrelationFunction_v1_0_S00_AXI_inst/acf/genblk1[15].niblock/tdc_pl/smallFIFO/U0/inst_fifo_gen/gconvfifo.rf/grf.rf/rstblk/ngwrdrst.grst.g7serrst.gnsckt_wrst.gic_rst.sckt_rd_rst_ic_reg_0[0]           |                1 |              2 |
|  s00_axi_aclk_IBUF_BUFG |                                                                                                                                                                 | AutoCorrelationFunction_v1_0_S00_AXI_inst/acf/genblk1[21].niblock/tdc_pl/smallFIFO/U0/inst_fifo_gen/gconvfifo.rf/grf.rf/rstblk/ngwrdrst.grst.g7serrst.gnsckt_wrst.gic_rst.sckt_rd_rst_ic_reg_0[0]           |                1 |              2 |
|  s00_axi_aclk_IBUF_BUFG |                                                                                                                                                                 | AutoCorrelationFunction_v1_0_S00_AXI_inst/acf/genblk1[18].niblock/tdc_pl/smallFIFO/U0/inst_fifo_gen/gconvfifo.rf/grf.rf/rstblk/ngwrdrst.grst.g7serrst.gnsckt_wrst.gic_rst.sckt_rd_rst_ic_reg_0[0]           |                1 |              2 |
|  s00_axi_aclk_IBUF_BUFG |                                                                                                                                                                 | AutoCorrelationFunction_v1_0_S00_AXI_inst/acf/genblk1[14].niblock/tdc_pl/smallFIFO/U0/inst_fifo_gen/gconvfifo.rf/grf.rf/rstblk/ngwrdrst.grst.g7serrst.gnsckt_wrst.gic_rst.sckt_rd_rst_ic_reg_0[0]           |                1 |              2 |
|  s00_axi_aclk_IBUF_BUFG |                                                                                                                                                                 | AutoCorrelationFunction_v1_0_S00_AXI_inst/acf/genblk1[1].niblock/tdc_pl/smallFIFO/U0/inst_fifo_gen/gconvfifo.rf/grf.rf/rstblk/ngwrdrst.grst.g7serrst.gnsckt_wrst.gic_rst.sckt_rd_rst_ic_reg_0[0]            |                1 |              2 |
|  s00_axi_aclk_IBUF_BUFG |                                                                                                                                                                 | AutoCorrelationFunction_v1_0_S00_AXI_inst/acf/genblk1[13].niblock/tdc_pl/smallFIFO/U0/inst_fifo_gen/gconvfifo.rf/grf.rf/rstblk/ngwrdrst.grst.g7serrst.gnsckt_wrst.gic_rst.sckt_rd_rst_ic_reg_0[0]           |                1 |              2 |
|  s00_axi_aclk_IBUF_BUFG |                                                                                                                                                                 | AutoCorrelationFunction_v1_0_S00_AXI_inst/acf/genblk1[20].niblock/tdc_pl/smallFIFO/U0/inst_fifo_gen/gconvfifo.rf/grf.rf/rstblk/ngwrdrst.grst.g7serrst.gnsckt_wrst.gic_rst.sckt_rd_rst_ic_reg_0[0]           |                1 |              2 |
|  s00_axi_aclk_IBUF_BUFG |                                                                                                                                                                 | AutoCorrelationFunction_v1_0_S00_AXI_inst/acf/genblk1[12].niblock/tdc_pl/smallFIFO/U0/inst_fifo_gen/gconvfifo.rf/grf.rf/rstblk/ngwrdrst.grst.g7serrst.gnsckt_wrst.gic_rst.sckt_rd_rst_ic_reg_0[0]           |                1 |              2 |
|  s00_axi_aclk_IBUF_BUFG |                                                                                                                                                                 | AutoCorrelationFunction_v1_0_S00_AXI_inst/acf/genblk1[2].niblock/tdc_pl/smallFIFO/U0/inst_fifo_gen/gconvfifo.rf/grf.rf/rstblk/ngwrdrst.grst.g7serrst.gnsckt_wrst.gic_rst.sckt_rd_rst_ic_reg_0[0]            |                2 |              2 |
|  s00_axi_aclk_IBUF_BUFG |                                                                                                                                                                 | AutoCorrelationFunction_v1_0_S00_AXI_inst/acf/genblk1[3].niblock/tdc_pl/smallFIFO/U0/inst_fifo_gen/gconvfifo.rf/grf.rf/rstblk/ngwrdrst.grst.g7serrst.gnsckt_wrst.gic_rst.sckt_rd_rst_ic_reg_0[0]            |                1 |              2 |
|  s00_axi_aclk_IBUF_BUFG |                                                                                                                                                                 | AutoCorrelationFunction_v1_0_S00_AXI_inst/acf/genblk1[11].niblock/tdc_pl/smallFIFO/U0/inst_fifo_gen/gconvfifo.rf/grf.rf/rstblk/ngwrdrst.grst.g7serrst.gnsckt_wrst.gic_rst.sckt_rd_rst_ic_reg_0[0]           |                1 |              2 |
|  s00_axi_aclk_IBUF_BUFG |                                                                                                                                                                 | AutoCorrelationFunction_v1_0_S00_AXI_inst/acf/genblk1[2].niblock/tdc_pl/smallFIFO/U0/inst_fifo_gen/gconvfifo.rf/grf.rf/rstblk/ngwrdrst.grst.g7serrst.gnsckt_wrst.gic_rst.rst_rd_reg2_inst/arststages_ff[1]  |                1 |              3 |
|  s00_axi_aclk_IBUF_BUFG |                                                                                                                                                                 | AutoCorrelationFunction_v1_0_S00_AXI_inst/acf/genblk1[14].niblock/tdc_pl/smallFIFO/U0/inst_fifo_gen/gconvfifo.rf/grf.rf/rstblk/ngwrdrst.grst.g7serrst.gnsckt_wrst.gic_rst.rst_rd_reg2_inst/arststages_ff[1] |                1 |              3 |
|  s00_axi_aclk_IBUF_BUFG |                                                                                                                                                                 | AutoCorrelationFunction_v1_0_S00_AXI_inst/acf/genblk1[4].niblock/tdc_pl/smallFIFO/U0/inst_fifo_gen/gconvfifo.rf/grf.rf/rstblk/ngwrdrst.grst.g7serrst.gnsckt_wrst.gic_rst.rst_rd_reg2_inst/arststages_ff[1]  |                1 |              3 |
|  s00_axi_aclk_IBUF_BUFG |                                                                                                                                                                 | AutoCorrelationFunction_v1_0_S00_AXI_inst/acf/genblk1[13].niblock/tdc_pl/smallFIFO/U0/inst_fifo_gen/gconvfifo.rf/grf.rf/rstblk/ngwrdrst.grst.g7serrst.gnsckt_wrst.gic_rst.rst_rd_reg2_inst/arststages_ff[1] |                1 |              3 |
|  s00_axi_aclk_IBUF_BUFG |                                                                                                                                                                 | AutoCorrelationFunction_v1_0_S00_AXI_inst/acf/genblk1[15].niblock/tdc_pl/smallFIFO/U0/inst_fifo_gen/gconvfifo.rf/grf.rf/rstblk/ngwrdrst.grst.g7serrst.gnsckt_wrst.gic_rst.rst_rd_reg2_inst/arststages_ff[1] |                2 |              3 |
|  s00_axi_aclk_IBUF_BUFG |                                                                                                                                                                 | AutoCorrelationFunction_v1_0_S00_AXI_inst/acf/genblk1[1].niblock/tdc_pl/smallFIFO/U0/inst_fifo_gen/gconvfifo.rf/grf.rf/rstblk/ngwrdrst.grst.g7serrst.gnsckt_wrst.gic_rst.rst_rd_reg2_inst/arststages_ff[1]  |                2 |              3 |
|  s00_axi_aclk_IBUF_BUFG |                                                                                                                                                                 | AutoCorrelationFunction_v1_0_S00_AXI_inst/acf/genblk1[12].niblock/tdc_pl/smallFIFO/U0/inst_fifo_gen/gconvfifo.rf/grf.rf/rstblk/ngwrdrst.grst.g7serrst.gnsckt_wrst.gic_rst.rst_rd_reg2_inst/arststages_ff[1] |                1 |              3 |
|  s00_axi_aclk_IBUF_BUFG |                                                                                                                                                                 | AutoCorrelationFunction_v1_0_S00_AXI_inst/acf/genblk1[16].niblock/tdc_pl/smallFIFO/U0/inst_fifo_gen/gconvfifo.rf/grf.rf/rstblk/ngwrdrst.grst.g7serrst.gnsckt_wrst.gic_rst.rst_rd_reg2_inst/arststages_ff[1] |                1 |              3 |
|  s00_axi_aclk_IBUF_BUFG |                                                                                                                                                                 | AutoCorrelationFunction_v1_0_S00_AXI_inst/acf/genblk1[11].niblock/tdc_pl/smallFIFO/U0/inst_fifo_gen/gconvfifo.rf/grf.rf/rstblk/ngwrdrst.grst.g7serrst.gnsckt_wrst.gic_rst.rst_rd_reg2_inst/arststages_ff[1] |                1 |              3 |
|  s00_axi_aclk_IBUF_BUFG |                                                                                                                                                                 | AutoCorrelationFunction_v1_0_S00_AXI_inst/acf/genblk1[17].niblock/tdc_pl/smallFIFO/U0/inst_fifo_gen/gconvfifo.rf/grf.rf/rstblk/ngwrdrst.grst.g7serrst.gnsckt_wrst.gic_rst.rst_rd_reg2_inst/arststages_ff[1] |                1 |              3 |
|  s00_axi_aclk_IBUF_BUFG |                                                                                                                                                                 | AutoCorrelationFunction_v1_0_S00_AXI_inst/acf/genblk1[3].niblock/tdc_pl/smallFIFO/U0/inst_fifo_gen/gconvfifo.rf/grf.rf/rstblk/ngwrdrst.grst.g7serrst.gnsckt_wrst.gic_rst.rst_rd_reg2_inst/arststages_ff[1]  |                1 |              3 |
|  s00_axi_aclk_IBUF_BUFG |                                                                                                                                                                 | AutoCorrelationFunction_v1_0_S00_AXI_inst/acf/genblk1[6].niblock/tdc_pl/smallFIFO/U0/inst_fifo_gen/gconvfifo.rf/grf.rf/rstblk/ngwrdrst.grst.g7serrst.gnsckt_wrst.gic_rst.rst_rd_reg2_inst/arststages_ff[1]  |                1 |              3 |
|  s00_axi_aclk_IBUF_BUFG |                                                                                                                                                                 | AutoCorrelationFunction_v1_0_S00_AXI_inst/acf/genblk1[7].niblock/tdc_pl/smallFIFO/U0/inst_fifo_gen/gconvfifo.rf/grf.rf/rstblk/ngwrdrst.grst.g7serrst.gnsckt_wrst.gic_rst.rst_rd_reg2_inst/arststages_ff[1]  |                1 |              3 |
|  s00_axi_aclk_IBUF_BUFG |                                                                                                                                                                 | AutoCorrelationFunction_v1_0_S00_AXI_inst/acf/genblk1[8].niblock/tdc_pl/smallFIFO/U0/inst_fifo_gen/gconvfifo.rf/grf.rf/rstblk/ngwrdrst.grst.g7serrst.gnsckt_wrst.gic_rst.rst_rd_reg2_inst/arststages_ff[1]  |                1 |              3 |
|  s00_axi_aclk_IBUF_BUFG |                                                                                                                                                                 | AutoCorrelationFunction_v1_0_S00_AXI_inst/acf/genblk1[20].niblock/tdc_pl/smallFIFO/U0/inst_fifo_gen/gconvfifo.rf/grf.rf/rstblk/ngwrdrst.grst.g7serrst.gnsckt_wrst.gic_rst.rst_rd_reg2_inst/arststages_ff[1] |                2 |              3 |
|  s00_axi_aclk_IBUF_BUFG |                                                                                                                                                                 | AutoCorrelationFunction_v1_0_S00_AXI_inst/acf/genblk1[5].niblock/tdc_pl/smallFIFO/U0/inst_fifo_gen/gconvfifo.rf/grf.rf/rstblk/ngwrdrst.grst.g7serrst.gnsckt_wrst.gic_rst.rst_rd_reg2_inst/arststages_ff[1]  |                1 |              3 |
|  s00_axi_aclk_IBUF_BUFG |                                                                                                                                                                 | AutoCorrelationFunction_v1_0_S00_AXI_inst/acf/genblk1[9].niblock/tdc_pl/smallFIFO/U0/inst_fifo_gen/gconvfifo.rf/grf.rf/rstblk/ngwrdrst.grst.g7serrst.gnsckt_wrst.gic_rst.rst_rd_reg2_inst/arststages_ff[1]  |                1 |              3 |
|  s00_axi_aclk_IBUF_BUFG |                                                                                                                                                                 | AutoCorrelationFunction_v1_0_S00_AXI_inst/acf/genblk1[10].niblock/tdc_pl/smallFIFO/U0/inst_fifo_gen/gconvfifo.rf/grf.rf/rstblk/ngwrdrst.grst.g7serrst.gnsckt_wrst.gic_rst.rst_rd_reg2_inst/arststages_ff[1] |                1 |              3 |
|  s00_axi_aclk_IBUF_BUFG |                                                                                                                                                                 | AutoCorrelationFunction_v1_0_S00_AXI_inst/acf/genblk1[19].niblock/tdc_pl/smallFIFO/U0/inst_fifo_gen/gconvfifo.rf/grf.rf/rstblk/ngwrdrst.grst.g7serrst.gnsckt_wrst.gic_rst.rst_rd_reg2_inst/arststages_ff[1] |                1 |              3 |
|  s00_axi_aclk_IBUF_BUFG |                                                                                                                                                                 | AutoCorrelationFunction_v1_0_S00_AXI_inst/acf/photonCounter/smallFIFO/U0/inst_fifo_gen/gconvfifo.rf/grf.rf/rstblk/ngwrdrst.grst.g7serrst.gnsckt_wrst.gic_rst.rst_rd_reg2_inst/arststages_ff[1]              |                1 |              3 |
|  s00_axi_aclk_IBUF_BUFG |                                                                                                                                                                 | AutoCorrelationFunction_v1_0_S00_AXI_inst/acf/genblk1[18].niblock/tdc_pl/smallFIFO/U0/inst_fifo_gen/gconvfifo.rf/grf.rf/rstblk/ngwrdrst.grst.g7serrst.gnsckt_wrst.gic_rst.rst_rd_reg2_inst/arststages_ff[1] |                2 |              3 |
|  s00_axi_aclk_IBUF_BUFG |                                                                                                                                                                 | AutoCorrelationFunction_v1_0_S00_AXI_inst/acf/genblk1[21].niblock/tdc_pl/smallFIFO/U0/inst_fifo_gen/gconvfifo.rf/grf.rf/rstblk/ngwrdrst.grst.g7serrst.gnsckt_wrst.gic_rst.rst_rd_reg2_inst/arststages_ff[1] |                2 |              3 |
|  s00_axi_aclk_IBUF_BUFG |                                                                                                                                                                 | AutoCorrelationFunction_v1_0_S00_AXI_inst/acf/genblk1[0].niblock/tdc_pl/smallFIFO/U0/inst_fifo_gen/gconvfifo.rf/grf.rf/rstblk/ngwrdrst.grst.g7serrst.gnsckt_wrst.gic_rst.rst_rd_reg2_inst/arststages_ff[1]  |                1 |              3 |
|  smpl_clk_IBUF_BUFG     | AutoCorrelationFunction_v1_0_S00_AXI_inst/acf/CE_smpl                                                                                                           |                                                                                                                                                                                                             |                1 |              4 |
|  smpl_clk_IBUF_BUFG     |                                                                                                                                                                 | AutoCorrelationFunction_v1_0_S00_AXI_inst/acf/genblk1[11].niblock/tdc_pl/smallFIFO/U0/inst_fifo_gen/gconvfifo.rf/grf.rf/rstblk/ngwrdrst.grst.g7serrst.gnsckt_wrst.rst_wr_reg2_inst/arststages_ff[1]         |                2 |              9 |
|  smpl_clk_IBUF_BUFG     |                                                                                                                                                                 | AutoCorrelationFunction_v1_0_S00_AXI_inst/acf/genblk1[16].niblock/tdc_pl/smallFIFO/U0/inst_fifo_gen/gconvfifo.rf/grf.rf/rstblk/ngwrdrst.grst.g7serrst.gnsckt_wrst.rst_wr_reg2_inst/arststages_ff[1]         |                2 |              9 |
|  smpl_clk_IBUF_BUFG     |                                                                                                                                                                 | AutoCorrelationFunction_v1_0_S00_AXI_inst/acf/genblk1[18].niblock/tdc_pl/smallFIFO/U0/inst_fifo_gen/gconvfifo.rf/grf.rf/rstblk/ngwrdrst.grst.g7serrst.gnsckt_wrst.rst_wr_reg2_inst/arststages_ff[1]         |                2 |              9 |
|  smpl_clk_IBUF_BUFG     |                                                                                                                                                                 | AutoCorrelationFunction_v1_0_S00_AXI_inst/acf/genblk1[12].niblock/tdc_pl/smallFIFO/U0/inst_fifo_gen/gconvfifo.rf/grf.rf/rstblk/ngwrdrst.grst.g7serrst.gnsckt_wrst.rst_wr_reg2_inst/arststages_ff[1]         |                3 |              9 |
|  smpl_clk_IBUF_BUFG     |                                                                                                                                                                 | AutoCorrelationFunction_v1_0_S00_AXI_inst/acf/genblk1[13].niblock/tdc_pl/smallFIFO/U0/inst_fifo_gen/gconvfifo.rf/grf.rf/rstblk/ngwrdrst.grst.g7serrst.gnsckt_wrst.rst_wr_reg2_inst/arststages_ff[1]         |                2 |              9 |
|  smpl_clk_IBUF_BUFG     |                                                                                                                                                                 | AutoCorrelationFunction_v1_0_S00_AXI_inst/acf/genblk1[14].niblock/tdc_pl/smallFIFO/U0/inst_fifo_gen/gconvfifo.rf/grf.rf/rstblk/ngwrdrst.grst.g7serrst.gnsckt_wrst.rst_wr_reg2_inst/arststages_ff[1]         |                3 |              9 |
|  smpl_clk_IBUF_BUFG     |                                                                                                                                                                 | AutoCorrelationFunction_v1_0_S00_AXI_inst/acf/genblk1[17].niblock/tdc_pl/smallFIFO/U0/inst_fifo_gen/gconvfifo.rf/grf.rf/rstblk/ngwrdrst.grst.g7serrst.gnsckt_wrst.rst_wr_reg2_inst/arststages_ff[1]         |                3 |              9 |
|  smpl_clk_IBUF_BUFG     |                                                                                                                                                                 | AutoCorrelationFunction_v1_0_S00_AXI_inst/acf/genblk1[15].niblock/tdc_pl/smallFIFO/U0/inst_fifo_gen/gconvfifo.rf/grf.rf/rstblk/ngwrdrst.grst.g7serrst.gnsckt_wrst.rst_wr_reg2_inst/arststages_ff[1]         |                3 |              9 |
|  smpl_clk_IBUF_BUFG     |                                                                                                                                                                 | AutoCorrelationFunction_v1_0_S00_AXI_inst/acf/genblk1[2].niblock/tdc_pl/smallFIFO/U0/inst_fifo_gen/gconvfifo.rf/grf.rf/rstblk/ngwrdrst.grst.g7serrst.gnsckt_wrst.rst_wr_reg2_inst/arststages_ff[1]          |                2 |              9 |
|  smpl_clk_IBUF_BUFG     |                                                                                                                                                                 | AutoCorrelationFunction_v1_0_S00_AXI_inst/acf/genblk1[1].niblock/tdc_pl/smallFIFO/U0/inst_fifo_gen/gconvfifo.rf/grf.rf/rstblk/ngwrdrst.grst.g7serrst.gnsckt_wrst.rst_wr_reg2_inst/arststages_ff[1]          |                2 |              9 |
|  smpl_clk_IBUF_BUFG     |                                                                                                                                                                 | AutoCorrelationFunction_v1_0_S00_AXI_inst/acf/genblk1[0].niblock/tdc_pl/smallFIFO/U0/inst_fifo_gen/gconvfifo.rf/grf.rf/rstblk/ngwrdrst.grst.g7serrst.gnsckt_wrst.rst_wr_reg2_inst/arststages_ff[1]          |                2 |              9 |
|  smpl_clk_IBUF_BUFG     |                                                                                                                                                                 | AutoCorrelationFunction_v1_0_S00_AXI_inst/acf/genblk1[19].niblock/tdc_pl/smallFIFO/U0/inst_fifo_gen/gconvfifo.rf/grf.rf/rstblk/ngwrdrst.grst.g7serrst.gnsckt_wrst.rst_wr_reg2_inst/arststages_ff[1]         |                2 |              9 |
|  smpl_clk_IBUF_BUFG     |                                                                                                                                                                 | AutoCorrelationFunction_v1_0_S00_AXI_inst/acf/genblk1[20].niblock/tdc_pl/smallFIFO/U0/inst_fifo_gen/gconvfifo.rf/grf.rf/rstblk/ngwrdrst.grst.g7serrst.gnsckt_wrst.rst_wr_reg2_inst/arststages_ff[1]         |                3 |              9 |
|  smpl_clk_IBUF_BUFG     |                                                                                                                                                                 | AutoCorrelationFunction_v1_0_S00_AXI_inst/acf/genblk1[3].niblock/tdc_pl/smallFIFO/U0/inst_fifo_gen/gconvfifo.rf/grf.rf/rstblk/ngwrdrst.grst.g7serrst.gnsckt_wrst.rst_wr_reg2_inst/arststages_ff[1]          |                3 |              9 |
|  smpl_clk_IBUF_BUFG     |                                                                                                                                                                 | AutoCorrelationFunction_v1_0_S00_AXI_inst/acf/genblk1[21].niblock/tdc_pl/smallFIFO/U0/inst_fifo_gen/gconvfifo.rf/grf.rf/rstblk/ngwrdrst.grst.g7serrst.gnsckt_wrst.rst_wr_reg2_inst/arststages_ff[1]         |                2 |              9 |
|  smpl_clk_IBUF_BUFG     |                                                                                                                                                                 | AutoCorrelationFunction_v1_0_S00_AXI_inst/acf/genblk1[4].niblock/tdc_pl/smallFIFO/U0/inst_fifo_gen/gconvfifo.rf/grf.rf/rstblk/ngwrdrst.grst.g7serrst.gnsckt_wrst.rst_wr_reg2_inst/arststages_ff[1]          |                2 |              9 |
|  smpl_clk_IBUF_BUFG     |                                                                                                                                                                 | AutoCorrelationFunction_v1_0_S00_AXI_inst/acf/genblk1[5].niblock/tdc_pl/smallFIFO/U0/inst_fifo_gen/gconvfifo.rf/grf.rf/rstblk/ngwrdrst.grst.g7serrst.gnsckt_wrst.rst_wr_reg2_inst/arststages_ff[1]          |                2 |              9 |
|  smpl_clk_IBUF_BUFG     |                                                                                                                                                                 | AutoCorrelationFunction_v1_0_S00_AXI_inst/acf/genblk1[6].niblock/tdc_pl/smallFIFO/U0/inst_fifo_gen/gconvfifo.rf/grf.rf/rstblk/ngwrdrst.grst.g7serrst.gnsckt_wrst.rst_wr_reg2_inst/arststages_ff[1]          |                3 |              9 |
|  smpl_clk_IBUF_BUFG     |                                                                                                                                                                 | AutoCorrelationFunction_v1_0_S00_AXI_inst/acf/genblk1[7].niblock/tdc_pl/smallFIFO/U0/inst_fifo_gen/gconvfifo.rf/grf.rf/rstblk/ngwrdrst.grst.g7serrst.gnsckt_wrst.rst_wr_reg2_inst/arststages_ff[1]          |                2 |              9 |
|  smpl_clk_IBUF_BUFG     |                                                                                                                                                                 | AutoCorrelationFunction_v1_0_S00_AXI_inst/acf/genblk1[8].niblock/tdc_pl/smallFIFO/U0/inst_fifo_gen/gconvfifo.rf/grf.rf/rstblk/ngwrdrst.grst.g7serrst.gnsckt_wrst.rst_wr_reg2_inst/arststages_ff[1]          |                2 |              9 |
|  smpl_clk_IBUF_BUFG     |                                                                                                                                                                 | AutoCorrelationFunction_v1_0_S00_AXI_inst/acf/genblk1[9].niblock/tdc_pl/smallFIFO/U0/inst_fifo_gen/gconvfifo.rf/grf.rf/rstblk/ngwrdrst.grst.g7serrst.gnsckt_wrst.rst_wr_reg2_inst/arststages_ff[1]          |                3 |              9 |
|  smpl_clk_IBUF_BUFG     |                                                                                                                                                                 | AutoCorrelationFunction_v1_0_S00_AXI_inst/acf/genblk1[10].niblock/tdc_pl/smallFIFO/U0/inst_fifo_gen/gconvfifo.rf/grf.rf/rstblk/ngwrdrst.grst.g7serrst.gnsckt_wrst.rst_wr_reg2_inst/arststages_ff[1]         |                2 |              9 |
|  smpl_clk_IBUF_BUFG     |                                                                                                                                                                 | AutoCorrelationFunction_v1_0_S00_AXI_inst/acf/photonCounter/smallFIFO/U0/inst_fifo_gen/gconvfifo.rf/grf.rf/rstblk/ngwrdrst.grst.g7serrst.gnsckt_wrst.rst_wr_reg2_inst/arststages_ff[1]                      |                2 |              9 |
|  s00_axi_aclk_IBUF_BUFG | AutoCorrelationFunction_v1_0_S00_AXI_inst/acf/genblk1[19].niblock/tdc_pl/smallFIFO/U0/inst_fifo_gen/gconvfifo.rf/grf.rf/gntv_or_sync_fifo.gl0.rd/gras.rsts/E[0] | AutoCorrelationFunction_v1_0_S00_AXI_inst/acf/genblk1[19].niblock/tdc_pl/smallFIFO/U0/inst_fifo_gen/gconvfifo.rf/grf.rf/rstblk/ngwrdrst.grst.g7serrst.gnsckt_wrst.gic_rst.sckt_rd_rst_ic_reg_0[0]           |                5 |             18 |
|  s00_axi_aclk_IBUF_BUFG | AutoCorrelationFunction_v1_0_S00_AXI_inst/acf/photonCounter/smallFIFO/U0/inst_fifo_gen/gconvfifo.rf/grf.rf/gntv_or_sync_fifo.gl0.rd/gras.rsts/E[0]              | AutoCorrelationFunction_v1_0_S00_AXI_inst/acf/photonCounter/smallFIFO/U0/inst_fifo_gen/gconvfifo.rf/grf.rf/rstblk/ngwrdrst.grst.g7serrst.gnsckt_wrst.gic_rst.sckt_rd_rst_ic_reg_0[0]                        |                5 |             18 |
|  s00_axi_aclk_IBUF_BUFG | AutoCorrelationFunction_v1_0_S00_AXI_inst/acf/genblk1[1].niblock/tdc_pl/smallFIFO/U0/inst_fifo_gen/gconvfifo.rf/grf.rf/gntv_or_sync_fifo.gl0.rd/gras.rsts/E[0]  | AutoCorrelationFunction_v1_0_S00_AXI_inst/acf/genblk1[1].niblock/tdc_pl/smallFIFO/U0/inst_fifo_gen/gconvfifo.rf/grf.rf/rstblk/ngwrdrst.grst.g7serrst.gnsckt_wrst.gic_rst.sckt_rd_rst_ic_reg_0[0]            |                3 |             18 |
|  s00_axi_aclk_IBUF_BUFG | AutoCorrelationFunction_v1_0_S00_AXI_inst/acf/genblk1[0].niblock/tdc_pl/smallFIFO/U0/inst_fifo_gen/gconvfifo.rf/grf.rf/gntv_or_sync_fifo.gl0.rd/gras.rsts/E[0]  | AutoCorrelationFunction_v1_0_S00_AXI_inst/acf/genblk1[0].niblock/tdc_pl/smallFIFO/U0/inst_fifo_gen/gconvfifo.rf/grf.rf/rstblk/ngwrdrst.grst.g7serrst.gnsckt_wrst.gic_rst.sckt_rd_rst_ic_reg_0[0]            |                4 |             18 |
|  s00_axi_aclk_IBUF_BUFG | AutoCorrelationFunction_v1_0_S00_AXI_inst/acf/genblk1[2].niblock/tdc_pl/smallFIFO/U0/inst_fifo_gen/gconvfifo.rf/grf.rf/gntv_or_sync_fifo.gl0.rd/gras.rsts/E[0]  | AutoCorrelationFunction_v1_0_S00_AXI_inst/acf/genblk1[2].niblock/tdc_pl/smallFIFO/U0/inst_fifo_gen/gconvfifo.rf/grf.rf/rstblk/ngwrdrst.grst.g7serrst.gnsckt_wrst.gic_rst.sckt_rd_rst_ic_reg_0[0]            |                6 |             18 |
|  s00_axi_aclk_IBUF_BUFG | AutoCorrelationFunction_v1_0_S00_AXI_inst/acf/genblk1[11].niblock/tdc_pl/smallFIFO/U0/inst_fifo_gen/gconvfifo.rf/grf.rf/gntv_or_sync_fifo.gl0.rd/gras.rsts/E[0] | AutoCorrelationFunction_v1_0_S00_AXI_inst/acf/genblk1[11].niblock/tdc_pl/smallFIFO/U0/inst_fifo_gen/gconvfifo.rf/grf.rf/rstblk/ngwrdrst.grst.g7serrst.gnsckt_wrst.gic_rst.sckt_rd_rst_ic_reg_0[0]           |                4 |             18 |
|  s00_axi_aclk_IBUF_BUFG | AutoCorrelationFunction_v1_0_S00_AXI_inst/acf/genblk1[12].niblock/tdc_pl/smallFIFO/U0/inst_fifo_gen/gconvfifo.rf/grf.rf/gntv_or_sync_fifo.gl0.rd/gras.rsts/E[0] | AutoCorrelationFunction_v1_0_S00_AXI_inst/acf/genblk1[12].niblock/tdc_pl/smallFIFO/U0/inst_fifo_gen/gconvfifo.rf/grf.rf/rstblk/ngwrdrst.grst.g7serrst.gnsckt_wrst.gic_rst.sckt_rd_rst_ic_reg_0[0]           |                5 |             18 |
|  s00_axi_aclk_IBUF_BUFG | AutoCorrelationFunction_v1_0_S00_AXI_inst/acf/genblk1[13].niblock/tdc_pl/smallFIFO/U0/inst_fifo_gen/gconvfifo.rf/grf.rf/gntv_or_sync_fifo.gl0.rd/gras.rsts/E[0] | AutoCorrelationFunction_v1_0_S00_AXI_inst/acf/genblk1[13].niblock/tdc_pl/smallFIFO/U0/inst_fifo_gen/gconvfifo.rf/grf.rf/rstblk/ngwrdrst.grst.g7serrst.gnsckt_wrst.gic_rst.sckt_rd_rst_ic_reg_0[0]           |                5 |             18 |
|  s00_axi_aclk_IBUF_BUFG | AutoCorrelationFunction_v1_0_S00_AXI_inst/acf/genblk1[14].niblock/tdc_pl/smallFIFO/U0/inst_fifo_gen/gconvfifo.rf/grf.rf/gntv_or_sync_fifo.gl0.rd/gras.rsts/E[0] | AutoCorrelationFunction_v1_0_S00_AXI_inst/acf/genblk1[14].niblock/tdc_pl/smallFIFO/U0/inst_fifo_gen/gconvfifo.rf/grf.rf/rstblk/ngwrdrst.grst.g7serrst.gnsckt_wrst.gic_rst.sckt_rd_rst_ic_reg_0[0]           |                4 |             18 |
|  s00_axi_aclk_IBUF_BUFG | AutoCorrelationFunction_v1_0_S00_AXI_inst/acf/genblk1[15].niblock/tdc_pl/smallFIFO/U0/inst_fifo_gen/gconvfifo.rf/grf.rf/gntv_or_sync_fifo.gl0.rd/gras.rsts/E[0] | AutoCorrelationFunction_v1_0_S00_AXI_inst/acf/genblk1[15].niblock/tdc_pl/smallFIFO/U0/inst_fifo_gen/gconvfifo.rf/grf.rf/rstblk/ngwrdrst.grst.g7serrst.gnsckt_wrst.gic_rst.sckt_rd_rst_ic_reg_0[0]           |                6 |             18 |
|  s00_axi_aclk_IBUF_BUFG | AutoCorrelationFunction_v1_0_S00_AXI_inst/acf/genblk1[16].niblock/tdc_pl/smallFIFO/U0/inst_fifo_gen/gconvfifo.rf/grf.rf/gntv_or_sync_fifo.gl0.rd/gras.rsts/E[0] | AutoCorrelationFunction_v1_0_S00_AXI_inst/acf/genblk1[16].niblock/tdc_pl/smallFIFO/U0/inst_fifo_gen/gconvfifo.rf/grf.rf/rstblk/ngwrdrst.grst.g7serrst.gnsckt_wrst.gic_rst.sckt_rd_rst_ic_reg_0[0]           |                5 |             18 |
|  s00_axi_aclk_IBUF_BUFG | AutoCorrelationFunction_v1_0_S00_AXI_inst/acf/genblk1[17].niblock/tdc_pl/smallFIFO/U0/inst_fifo_gen/gconvfifo.rf/grf.rf/gntv_or_sync_fifo.gl0.rd/gras.rsts/E[0] | AutoCorrelationFunction_v1_0_S00_AXI_inst/acf/genblk1[17].niblock/tdc_pl/smallFIFO/U0/inst_fifo_gen/gconvfifo.rf/grf.rf/rstblk/ngwrdrst.grst.g7serrst.gnsckt_wrst.gic_rst.sckt_rd_rst_ic_reg_0[0]           |                5 |             18 |
|  s00_axi_aclk_IBUF_BUFG | AutoCorrelationFunction_v1_0_S00_AXI_inst/acf/genblk1[18].niblock/tdc_pl/smallFIFO/U0/inst_fifo_gen/gconvfifo.rf/grf.rf/gntv_or_sync_fifo.gl0.rd/gras.rsts/E[0] | AutoCorrelationFunction_v1_0_S00_AXI_inst/acf/genblk1[18].niblock/tdc_pl/smallFIFO/U0/inst_fifo_gen/gconvfifo.rf/grf.rf/rstblk/ngwrdrst.grst.g7serrst.gnsckt_wrst.gic_rst.sckt_rd_rst_ic_reg_0[0]           |                5 |             18 |
|  s00_axi_aclk_IBUF_BUFG | AutoCorrelationFunction_v1_0_S00_AXI_inst/acf/genblk1[20].niblock/tdc_pl/smallFIFO/U0/inst_fifo_gen/gconvfifo.rf/grf.rf/gntv_or_sync_fifo.gl0.rd/gras.rsts/E[0] | AutoCorrelationFunction_v1_0_S00_AXI_inst/acf/genblk1[20].niblock/tdc_pl/smallFIFO/U0/inst_fifo_gen/gconvfifo.rf/grf.rf/rstblk/ngwrdrst.grst.g7serrst.gnsckt_wrst.gic_rst.sckt_rd_rst_ic_reg_0[0]           |                4 |             18 |
|  s00_axi_aclk_IBUF_BUFG | AutoCorrelationFunction_v1_0_S00_AXI_inst/acf/genblk1[3].niblock/tdc_pl/smallFIFO/U0/inst_fifo_gen/gconvfifo.rf/grf.rf/gntv_or_sync_fifo.gl0.rd/gras.rsts/E[0]  | AutoCorrelationFunction_v1_0_S00_AXI_inst/acf/genblk1[3].niblock/tdc_pl/smallFIFO/U0/inst_fifo_gen/gconvfifo.rf/grf.rf/rstblk/ngwrdrst.grst.g7serrst.gnsckt_wrst.gic_rst.sckt_rd_rst_ic_reg_0[0]            |                6 |             18 |
|  s00_axi_aclk_IBUF_BUFG | AutoCorrelationFunction_v1_0_S00_AXI_inst/acf/genblk1[21].niblock/tdc_pl/smallFIFO/U0/inst_fifo_gen/gconvfifo.rf/grf.rf/gntv_or_sync_fifo.gl0.rd/gras.rsts/E[0] | AutoCorrelationFunction_v1_0_S00_AXI_inst/acf/genblk1[21].niblock/tdc_pl/smallFIFO/U0/inst_fifo_gen/gconvfifo.rf/grf.rf/rstblk/ngwrdrst.grst.g7serrst.gnsckt_wrst.gic_rst.sckt_rd_rst_ic_reg_0[0]           |                5 |             18 |
|  s00_axi_aclk_IBUF_BUFG | AutoCorrelationFunction_v1_0_S00_AXI_inst/acf/genblk1[4].niblock/tdc_pl/smallFIFO/U0/inst_fifo_gen/gconvfifo.rf/grf.rf/gntv_or_sync_fifo.gl0.rd/gras.rsts/E[0]  | AutoCorrelationFunction_v1_0_S00_AXI_inst/acf/genblk1[4].niblock/tdc_pl/smallFIFO/U0/inst_fifo_gen/gconvfifo.rf/grf.rf/rstblk/ngwrdrst.grst.g7serrst.gnsckt_wrst.gic_rst.sckt_rd_rst_ic_reg_0[0]            |                4 |             18 |
|  s00_axi_aclk_IBUF_BUFG | AutoCorrelationFunction_v1_0_S00_AXI_inst/acf/genblk1[5].niblock/tdc_pl/smallFIFO/U0/inst_fifo_gen/gconvfifo.rf/grf.rf/gntv_or_sync_fifo.gl0.rd/gras.rsts/E[0]  | AutoCorrelationFunction_v1_0_S00_AXI_inst/acf/genblk1[5].niblock/tdc_pl/smallFIFO/U0/inst_fifo_gen/gconvfifo.rf/grf.rf/rstblk/ngwrdrst.grst.g7serrst.gnsckt_wrst.gic_rst.sckt_rd_rst_ic_reg_0[0]            |                3 |             18 |
|  s00_axi_aclk_IBUF_BUFG | AutoCorrelationFunction_v1_0_S00_AXI_inst/acf/genblk1[6].niblock/tdc_pl/smallFIFO/U0/inst_fifo_gen/gconvfifo.rf/grf.rf/gntv_or_sync_fifo.gl0.rd/gras.rsts/E[0]  | AutoCorrelationFunction_v1_0_S00_AXI_inst/acf/genblk1[6].niblock/tdc_pl/smallFIFO/U0/inst_fifo_gen/gconvfifo.rf/grf.rf/rstblk/ngwrdrst.grst.g7serrst.gnsckt_wrst.gic_rst.sckt_rd_rst_ic_reg_0[0]            |                5 |             18 |
|  s00_axi_aclk_IBUF_BUFG | AutoCorrelationFunction_v1_0_S00_AXI_inst/acf/genblk1[7].niblock/tdc_pl/smallFIFO/U0/inst_fifo_gen/gconvfifo.rf/grf.rf/gntv_or_sync_fifo.gl0.rd/gras.rsts/E[0]  | AutoCorrelationFunction_v1_0_S00_AXI_inst/acf/genblk1[7].niblock/tdc_pl/smallFIFO/U0/inst_fifo_gen/gconvfifo.rf/grf.rf/rstblk/ngwrdrst.grst.g7serrst.gnsckt_wrst.gic_rst.sckt_rd_rst_ic_reg_0[0]            |                6 |             18 |
|  s00_axi_aclk_IBUF_BUFG | AutoCorrelationFunction_v1_0_S00_AXI_inst/acf/genblk1[8].niblock/tdc_pl/smallFIFO/U0/inst_fifo_gen/gconvfifo.rf/grf.rf/gntv_or_sync_fifo.gl0.rd/gras.rsts/E[0]  | AutoCorrelationFunction_v1_0_S00_AXI_inst/acf/genblk1[8].niblock/tdc_pl/smallFIFO/U0/inst_fifo_gen/gconvfifo.rf/grf.rf/rstblk/ngwrdrst.grst.g7serrst.gnsckt_wrst.gic_rst.sckt_rd_rst_ic_reg_0[0]            |                4 |             18 |
|  s00_axi_aclk_IBUF_BUFG | AutoCorrelationFunction_v1_0_S00_AXI_inst/acf/genblk1[9].niblock/tdc_pl/smallFIFO/U0/inst_fifo_gen/gconvfifo.rf/grf.rf/gntv_or_sync_fifo.gl0.rd/gras.rsts/E[0]  | AutoCorrelationFunction_v1_0_S00_AXI_inst/acf/genblk1[9].niblock/tdc_pl/smallFIFO/U0/inst_fifo_gen/gconvfifo.rf/grf.rf/rstblk/ngwrdrst.grst.g7serrst.gnsckt_wrst.gic_rst.sckt_rd_rst_ic_reg_0[0]            |                5 |             18 |
|  s00_axi_aclk_IBUF_BUFG | AutoCorrelationFunction_v1_0_S00_AXI_inst/acf/genblk1[10].niblock/tdc_pl/smallFIFO/U0/inst_fifo_gen/gconvfifo.rf/grf.rf/gntv_or_sync_fifo.gl0.rd/gras.rsts/E[0] | AutoCorrelationFunction_v1_0_S00_AXI_inst/acf/genblk1[10].niblock/tdc_pl/smallFIFO/U0/inst_fifo_gen/gconvfifo.rf/grf.rf/rstblk/ngwrdrst.grst.g7serrst.gnsckt_wrst.gic_rst.sckt_rd_rst_ic_reg_0[0]           |                3 |             18 |
|  smpl_clk_IBUF_BUFG     | AutoCorrelationFunction_v1_0_S00_AXI_inst/acf/genblk1[20].niblock/tdc_pl/smallFIFO/U0/inst_fifo_gen/gconvfifo.rf/grf.rf/gntv_or_sync_fifo.gl0.wr/gwas.wsts/E[0] | AutoCorrelationFunction_v1_0_S00_AXI_inst/acf/genblk1[20].niblock/tdc_pl/smallFIFO/U0/inst_fifo_gen/gconvfifo.rf/grf.rf/rstblk/AR[0]                                                                        |                7 |             27 |
|  smpl_clk_IBUF_BUFG     | AutoCorrelationFunction_v1_0_S00_AXI_inst/acf/genblk1[17].niblock/tdc_pl/smallFIFO/U0/inst_fifo_gen/gconvfifo.rf/grf.rf/gntv_or_sync_fifo.gl0.wr/gwas.wsts/E[0] | AutoCorrelationFunction_v1_0_S00_AXI_inst/acf/genblk1[17].niblock/tdc_pl/smallFIFO/U0/inst_fifo_gen/gconvfifo.rf/grf.rf/rstblk/AR[0]                                                                        |                5 |             27 |
|  smpl_clk_IBUF_BUFG     | AutoCorrelationFunction_v1_0_S00_AXI_inst/acf/genblk1[3].niblock/tdc_pl/smallFIFO/U0/inst_fifo_gen/gconvfifo.rf/grf.rf/gntv_or_sync_fifo.gl0.wr/gwas.wsts/E[0]  | AutoCorrelationFunction_v1_0_S00_AXI_inst/acf/genblk1[3].niblock/tdc_pl/smallFIFO/U0/inst_fifo_gen/gconvfifo.rf/grf.rf/rstblk/AR[0]                                                                         |                5 |             27 |
|  smpl_clk_IBUF_BUFG     | AutoCorrelationFunction_v1_0_S00_AXI_inst/acf/genblk1[19].niblock/tdc_pl/smallFIFO/U0/inst_fifo_gen/gconvfifo.rf/grf.rf/gntv_or_sync_fifo.gl0.wr/gwas.wsts/E[0] | AutoCorrelationFunction_v1_0_S00_AXI_inst/acf/genblk1[19].niblock/tdc_pl/smallFIFO/U0/inst_fifo_gen/gconvfifo.rf/grf.rf/rstblk/AR[0]                                                                        |                5 |             27 |
|  smpl_clk_IBUF_BUFG     | AutoCorrelationFunction_v1_0_S00_AXI_inst/acf/genblk1[18].niblock/tdc_pl/smallFIFO/U0/inst_fifo_gen/gconvfifo.rf/grf.rf/gntv_or_sync_fifo.gl0.wr/gwas.wsts/E[0] | AutoCorrelationFunction_v1_0_S00_AXI_inst/acf/genblk1[18].niblock/tdc_pl/smallFIFO/U0/inst_fifo_gen/gconvfifo.rf/grf.rf/rstblk/AR[0]                                                                        |                6 |             27 |
|  smpl_clk_IBUF_BUFG     | AutoCorrelationFunction_v1_0_S00_AXI_inst/acf/genblk1[9].niblock/tdc_pl/smallFIFO/U0/inst_fifo_gen/gconvfifo.rf/grf.rf/gntv_or_sync_fifo.gl0.wr/gwas.wsts/E[0]  | AutoCorrelationFunction_v1_0_S00_AXI_inst/acf/genblk1[9].niblock/tdc_pl/smallFIFO/U0/inst_fifo_gen/gconvfifo.rf/grf.rf/rstblk/AR[0]                                                                         |                7 |             27 |
|  smpl_clk_IBUF_BUFG     | AutoCorrelationFunction_v1_0_S00_AXI_inst/acf/genblk1[21].niblock/tdc_pl/smallFIFO/U0/inst_fifo_gen/gconvfifo.rf/grf.rf/gntv_or_sync_fifo.gl0.wr/gwas.wsts/E[0] | AutoCorrelationFunction_v1_0_S00_AXI_inst/acf/genblk1[21].niblock/tdc_pl/smallFIFO/U0/inst_fifo_gen/gconvfifo.rf/grf.rf/rstblk/AR[0]                                                                        |                7 |             27 |
|  smpl_clk_IBUF_BUFG     | AutoCorrelationFunction_v1_0_S00_AXI_inst/acf/genblk1[4].niblock/tdc_pl/smallFIFO/U0/inst_fifo_gen/gconvfifo.rf/grf.rf/gntv_or_sync_fifo.gl0.wr/gwas.wsts/E[0]  | AutoCorrelationFunction_v1_0_S00_AXI_inst/acf/genblk1[4].niblock/tdc_pl/smallFIFO/U0/inst_fifo_gen/gconvfifo.rf/grf.rf/rstblk/AR[0]                                                                         |                7 |             27 |
|  smpl_clk_IBUF_BUFG     | AutoCorrelationFunction_v1_0_S00_AXI_inst/acf/genblk1[5].niblock/tdc_pl/smallFIFO/U0/inst_fifo_gen/gconvfifo.rf/grf.rf/gntv_or_sync_fifo.gl0.wr/gwas.wsts/E[0]  | AutoCorrelationFunction_v1_0_S00_AXI_inst/acf/genblk1[5].niblock/tdc_pl/smallFIFO/U0/inst_fifo_gen/gconvfifo.rf/grf.rf/rstblk/AR[0]                                                                         |                7 |             27 |
|  smpl_clk_IBUF_BUFG     | AutoCorrelationFunction_v1_0_S00_AXI_inst/acf/genblk1[6].niblock/tdc_pl/smallFIFO/U0/inst_fifo_gen/gconvfifo.rf/grf.rf/gntv_or_sync_fifo.gl0.wr/gwas.wsts/E[0]  | AutoCorrelationFunction_v1_0_S00_AXI_inst/acf/genblk1[6].niblock/tdc_pl/smallFIFO/U0/inst_fifo_gen/gconvfifo.rf/grf.rf/rstblk/AR[0]                                                                         |                7 |             27 |
|  smpl_clk_IBUF_BUFG     | AutoCorrelationFunction_v1_0_S00_AXI_inst/acf/genblk1[7].niblock/tdc_pl/smallFIFO/U0/inst_fifo_gen/gconvfifo.rf/grf.rf/gntv_or_sync_fifo.gl0.wr/gwas.wsts/E[0]  | AutoCorrelationFunction_v1_0_S00_AXI_inst/acf/genblk1[7].niblock/tdc_pl/smallFIFO/U0/inst_fifo_gen/gconvfifo.rf/grf.rf/rstblk/AR[0]                                                                         |                5 |             27 |
|  smpl_clk_IBUF_BUFG     | AutoCorrelationFunction_v1_0_S00_AXI_inst/acf/genblk1[8].niblock/tdc_pl/smallFIFO/U0/inst_fifo_gen/gconvfifo.rf/grf.rf/gntv_or_sync_fifo.gl0.wr/gwas.wsts/E[0]  | AutoCorrelationFunction_v1_0_S00_AXI_inst/acf/genblk1[8].niblock/tdc_pl/smallFIFO/U0/inst_fifo_gen/gconvfifo.rf/grf.rf/rstblk/AR[0]                                                                         |                5 |             27 |
|  smpl_clk_IBUF_BUFG     | AutoCorrelationFunction_v1_0_S00_AXI_inst/acf/genblk1[16].niblock/tdc_pl/smallFIFO/U0/inst_fifo_gen/gconvfifo.rf/grf.rf/gntv_or_sync_fifo.gl0.wr/gwas.wsts/E[0] | AutoCorrelationFunction_v1_0_S00_AXI_inst/acf/genblk1[16].niblock/tdc_pl/smallFIFO/U0/inst_fifo_gen/gconvfifo.rf/grf.rf/rstblk/AR[0]                                                                        |                5 |             27 |
|  smpl_clk_IBUF_BUFG     | AutoCorrelationFunction_v1_0_S00_AXI_inst/acf/genblk1[15].niblock/tdc_pl/smallFIFO/U0/inst_fifo_gen/gconvfifo.rf/grf.rf/gntv_or_sync_fifo.gl0.wr/gwas.wsts/E[0] | AutoCorrelationFunction_v1_0_S00_AXI_inst/acf/genblk1[15].niblock/tdc_pl/smallFIFO/U0/inst_fifo_gen/gconvfifo.rf/grf.rf/rstblk/AR[0]                                                                        |                6 |             27 |
|  smpl_clk_IBUF_BUFG     | AutoCorrelationFunction_v1_0_S00_AXI_inst/acf/genblk1[14].niblock/tdc_pl/smallFIFO/U0/inst_fifo_gen/gconvfifo.rf/grf.rf/gntv_or_sync_fifo.gl0.wr/gwas.wsts/E[0] | AutoCorrelationFunction_v1_0_S00_AXI_inst/acf/genblk1[14].niblock/tdc_pl/smallFIFO/U0/inst_fifo_gen/gconvfifo.rf/grf.rf/rstblk/AR[0]                                                                        |                5 |             27 |
|  smpl_clk_IBUF_BUFG     | AutoCorrelationFunction_v1_0_S00_AXI_inst/acf/genblk1[13].niblock/tdc_pl/smallFIFO/U0/inst_fifo_gen/gconvfifo.rf/grf.rf/gntv_or_sync_fifo.gl0.wr/gwas.wsts/E[0] | AutoCorrelationFunction_v1_0_S00_AXI_inst/acf/genblk1[13].niblock/tdc_pl/smallFIFO/U0/inst_fifo_gen/gconvfifo.rf/grf.rf/rstblk/AR[0]                                                                        |                9 |             27 |
|  smpl_clk_IBUF_BUFG     | AutoCorrelationFunction_v1_0_S00_AXI_inst/acf/genblk1[12].niblock/tdc_pl/smallFIFO/U0/inst_fifo_gen/gconvfifo.rf/grf.rf/gntv_or_sync_fifo.gl0.wr/gwas.wsts/E[0] | AutoCorrelationFunction_v1_0_S00_AXI_inst/acf/genblk1[12].niblock/tdc_pl/smallFIFO/U0/inst_fifo_gen/gconvfifo.rf/grf.rf/rstblk/AR[0]                                                                        |                6 |             27 |
|  smpl_clk_IBUF_BUFG     | AutoCorrelationFunction_v1_0_S00_AXI_inst/acf/genblk1[11].niblock/tdc_pl/smallFIFO/U0/inst_fifo_gen/gconvfifo.rf/grf.rf/gntv_or_sync_fifo.gl0.wr/gwas.wsts/E[0] | AutoCorrelationFunction_v1_0_S00_AXI_inst/acf/genblk1[11].niblock/tdc_pl/smallFIFO/U0/inst_fifo_gen/gconvfifo.rf/grf.rf/rstblk/AR[0]                                                                        |                6 |             27 |
|  smpl_clk_IBUF_BUFG     | AutoCorrelationFunction_v1_0_S00_AXI_inst/acf/genblk1[2].niblock/tdc_pl/smallFIFO/U0/inst_fifo_gen/gconvfifo.rf/grf.rf/gntv_or_sync_fifo.gl0.wr/gwas.wsts/E[0]  | AutoCorrelationFunction_v1_0_S00_AXI_inst/acf/genblk1[2].niblock/tdc_pl/smallFIFO/U0/inst_fifo_gen/gconvfifo.rf/grf.rf/rstblk/AR[0]                                                                         |                6 |             27 |
|  smpl_clk_IBUF_BUFG     | AutoCorrelationFunction_v1_0_S00_AXI_inst/acf/genblk1[1].niblock/tdc_pl/smallFIFO/U0/inst_fifo_gen/gconvfifo.rf/grf.rf/gntv_or_sync_fifo.gl0.wr/gwas.wsts/E[0]  | AutoCorrelationFunction_v1_0_S00_AXI_inst/acf/genblk1[1].niblock/tdc_pl/smallFIFO/U0/inst_fifo_gen/gconvfifo.rf/grf.rf/rstblk/AR[0]                                                                         |                7 |             27 |
|  smpl_clk_IBUF_BUFG     | AutoCorrelationFunction_v1_0_S00_AXI_inst/acf/genblk1[0].niblock/tdc_pl/smallFIFO/U0/inst_fifo_gen/gconvfifo.rf/grf.rf/gntv_or_sync_fifo.gl0.wr/gwas.wsts/E[0]  | AutoCorrelationFunction_v1_0_S00_AXI_inst/acf/genblk1[0].niblock/tdc_pl/smallFIFO/U0/inst_fifo_gen/gconvfifo.rf/grf.rf/rstblk/AR[0]                                                                         |                5 |             27 |
|  smpl_clk_IBUF_BUFG     | AutoCorrelationFunction_v1_0_S00_AXI_inst/acf/genblk1[10].niblock/tdc_pl/smallFIFO/U0/inst_fifo_gen/gconvfifo.rf/grf.rf/gntv_or_sync_fifo.gl0.wr/gwas.wsts/E[0] | AutoCorrelationFunction_v1_0_S00_AXI_inst/acf/genblk1[10].niblock/tdc_pl/smallFIFO/U0/inst_fifo_gen/gconvfifo.rf/grf.rf/rstblk/AR[0]                                                                        |                5 |             27 |
|  smpl_clk_IBUF_BUFG     | AutoCorrelationFunction_v1_0_S00_AXI_inst/acf/photonCounter/smallFIFO/U0/inst_fifo_gen/gconvfifo.rf/grf.rf/gntv_or_sync_fifo.gl0.wr/gwas.wsts/E[0]              | AutoCorrelationFunction_v1_0_S00_AXI_inst/acf/photonCounter/smallFIFO/U0/inst_fifo_gen/gconvfifo.rf/grf.rf/rstblk/AR[0]                                                                                     |                6 |             27 |
|  smpl_clk_IBUF_BUFG     |                                                                                                                                                                 | AutoCorrelationFunction_v1_0_S00_AXI_inst/acf/genblk1[21].niblock/tdc_pl/SR[0]                                                                                                                              |               23 |             46 |
|  s00_axi_aclk_IBUF_BUFG |                                                                                                                                                                 | AutoCorrelationFunction_v1_0_S00_AXI_inst/acf/genblk1[21].niblock/tdc_pl/SR[0]                                                                                                                              |               49 |             77 |
|  s00_axi_aclk_IBUF_BUFG |                                                                                                                                                                 |                                                                                                                                                                                                             |              231 |            920 |
|  smpl_clk_IBUF_BUFG     |                                                                                                                                                                 |                                                                                                                                                                                                             |              236 |            967 |
+-------------------------+-----------------------------------------------------------------------------------------------------------------------------------------------------------------+-------------------------------------------------------------------------------------------------------------------------------------------------------------------------------------------------------------+------------------+----------------+


