Copyright 1986-2019 Xilinx, Inc. All Rights Reserved.
---------------------------------------------------------------------------------------------------------------------------------------------------
| Tool Version : Vivado v.2019.2 (lin64) Build 2708876 Wed Nov  6 21:39:14 MST 2019
| Date         : Thu Nov 21 11:28:41 2019
| Host         : megatron running 64-bit Ubuntu 18.04.3 LTS
| Command      : report_utilization -file AutoCorrelationFunction_v1_0_utilization_synth.rpt -pb AutoCorrelationFunction_v1_0_utilization_synth.pb
| Design       : AutoCorrelationFunction_v1_0
| Device       : 7z010clg400-1
| Design State : Synthesized
---------------------------------------------------------------------------------------------------------------------------------------------------

Utilization Design Information

Table of Contents
-----------------
1. Slice Logic
1.1 Summary of Registers by Type
2. Memory
3. DSP
4. IO and GT Specific
5. Clocking
6. Specific Feature
7. Primitives
8. Black Boxes
9. Instantiated Netlists

1. Slice Logic
--------------

+----------------------------+-------+-------+-----------+--------+
|          Site Type         |  Used | Fixed | Available |  Util% |
+----------------------------+-------+-------+-----------+--------+
| Slice LUTs*                | 23247 |     0 |     17600 | 132.09 |
|   LUT as Logic             | 22727 |     0 |     17600 | 129.13 |
|   LUT as Memory            |   520 |     0 |      6000 |   8.67 |
|     LUT as Distributed RAM |     0 |     0 |           |        |
|     LUT as Shift Register  |   520 |     0 |           |        |
| Slice Registers            | 25654 |     0 |     35200 |  72.88 |
|   Register as Flip Flop    | 25654 |     0 |     35200 |  72.88 |
|   Register as Latch        |     0 |     0 |     35200 |   0.00 |
| F7 Muxes                   |    67 |     0 |      8800 |   0.76 |
| F8 Muxes                   |    27 |     0 |      4400 |   0.61 |
+----------------------------+-------+-------+-----------+--------+
* Warning! The Final LUT count, after physical optimizations and full implementation, is typically lower. Run opt_design after synthesis, if not already completed, for a more realistic count.


1.1 Summary of Registers by Type
--------------------------------

+-------+--------------+-------------+--------------+
| Total | Clock Enable | Synchronous | Asynchronous |
+-------+--------------+-------------+--------------+
| 0     |            _ |           - |            - |
| 0     |            _ |           - |          Set |
| 0     |            _ |           - |        Reset |
| 0     |            _ |         Set |            - |
| 0     |            _ |       Reset |            - |
| 0     |          Yes |           - |            - |
| 414   |          Yes |           - |          Set |
| 1104  |          Yes |           - |        Reset |
| 3     |          Yes |         Set |            - |
| 24133 |          Yes |       Reset |            - |
+-------+--------------+-------------+--------------+


2. Memory
---------

+-------------------+------+-------+-----------+-------+
|     Site Type     | Used | Fixed | Available | Util% |
+-------------------+------+-------+-----------+-------+
| Block RAM Tile    | 19.5 |     0 |        60 | 32.50 |
|   RAMB36/FIFO*    |    8 |     0 |        60 | 13.33 |
|     RAMB36E1 only |    8 |       |           |       |
|   RAMB18          |   23 |     0 |       120 | 19.17 |
|     RAMB18E1 only |   23 |       |           |       |
+-------------------+------+-------+-----------+-------+
* Note: Each Block RAM Tile only has one FIFO logic available and therefore can accommodate only one FIFO36E1 or one FIFO18E1. However, if a FIFO18E1 occupies a Block RAM Tile, that tile can still accommodate a RAMB18E1


3. DSP
------

+----------------+------+-------+-----------+-------+
|    Site Type   | Used | Fixed | Available | Util% |
+----------------+------+-------+-----------+-------+
| DSPs           |   40 |     0 |        80 | 50.00 |
|   DSP48E1 only |   40 |       |           |       |
+----------------+------+-------+-----------+-------+


4. IO and GT Specific
---------------------

+-----------------------------+------+-------+-----------+-------+
|          Site Type          | Used | Fixed | Available | Util% |
+-----------------------------+------+-------+-----------+-------+
| Bonded IOB                  |   91 |     0 |       100 | 91.00 |
| Bonded IPADs                |    0 |     0 |         2 |  0.00 |
| Bonded IOPADs               |    0 |     0 |       130 |  0.00 |
| PHY_CONTROL                 |    0 |     0 |         2 |  0.00 |
| PHASER_REF                  |    0 |     0 |         2 |  0.00 |
| OUT_FIFO                    |    0 |     0 |         8 |  0.00 |
| IN_FIFO                     |    0 |     0 |         8 |  0.00 |
| IDELAYCTRL                  |    0 |     0 |         2 |  0.00 |
| IBUFDS                      |    0 |     0 |        96 |  0.00 |
| PHASER_OUT/PHASER_OUT_PHY   |    0 |     0 |         8 |  0.00 |
| PHASER_IN/PHASER_IN_PHY     |    0 |     0 |         8 |  0.00 |
| IDELAYE2/IDELAYE2_FINEDELAY |    0 |     0 |       100 |  0.00 |
| ILOGIC                      |    0 |     0 |       100 |  0.00 |
| OLOGIC                      |    0 |     0 |       100 |  0.00 |
+-----------------------------+------+-------+-----------+-------+


5. Clocking
-----------

+------------+------+-------+-----------+-------+
|  Site Type | Used | Fixed | Available | Util% |
+------------+------+-------+-----------+-------+
| BUFGCTRL   |    2 |     0 |        32 |  6.25 |
| BUFIO      |    0 |     0 |         8 |  0.00 |
| MMCME2_ADV |    0 |     0 |         2 |  0.00 |
| PLLE2_ADV  |    0 |     0 |         2 |  0.00 |
| BUFMRCE    |    0 |     0 |         4 |  0.00 |
| BUFHCE     |    0 |     0 |        48 |  0.00 |
| BUFR       |    0 |     0 |         8 |  0.00 |
+------------+------+-------+-----------+-------+


6. Specific Feature
-------------------

+-------------+------+-------+-----------+-------+
|  Site Type  | Used | Fixed | Available | Util% |
+-------------+------+-------+-----------+-------+
| BSCANE2     |    0 |     0 |         4 |  0.00 |
| CAPTUREE2   |    0 |     0 |         1 |  0.00 |
| DNA_PORT    |    0 |     0 |         1 |  0.00 |
| EFUSE_USR   |    0 |     0 |         1 |  0.00 |
| FRAME_ECCE2 |    0 |     0 |         1 |  0.00 |
| ICAPE2      |    0 |     0 |         2 |  0.00 |
| STARTUPE2   |    0 |     0 |         1 |  0.00 |
| XADC        |    0 |     0 |         1 |  0.00 |
+-------------+------+-------+-----------+-------+


7. Primitives
-------------

+----------+-------+---------------------+
| Ref Name |  Used | Functional Category |
+----------+-------+---------------------+
| FDRE     | 24133 |        Flop & Latch |
| LUT6     | 13421 |                 LUT |
| LUT4     |  4110 |                 LUT |
| LUT5     |  3613 |                 LUT |
| LUT3     |  2177 |                 LUT |
| LUT2     |  2146 |                 LUT |
| FDCE     |  1104 |        Flop & Latch |
| SRL16E   |   520 |  Distributed Memory |
| CARRY4   |   451 |          CarryLogic |
| FDPE     |   414 |        Flop & Latch |
| LUT1     |   314 |                 LUT |
| MUXF7    |    67 |               MuxFx |
| IBUF     |    46 |                  IO |
| OBUF     |    45 |                  IO |
| DSP48E1  |    40 |    Block Arithmetic |
| MUXF8    |    27 |               MuxFx |
| RAMB18E1 |    23 |        Block Memory |
| RAMB36E1 |     8 |        Block Memory |
| FDSE     |     3 |        Flop & Latch |
| BUFG     |     2 |               Clock |
+----------+-------+---------------------+


8. Black Boxes
--------------

+----------+------+
| Ref Name | Used |
+----------+------+


9. Instantiated Netlists
------------------------

+----------+------+
| Ref Name | Used |
+----------+------+


