#-----------------------------------------------------------
# Webtalk v2019.1 (64-bit)
# SW Build 2552052 on Fri May 24 14:47:09 MDT 2019
# IP Build 2548770 on Fri May 24 18:01:18 MDT 2019
# Start of session at: Thu Oct 24 09:39:23 2019
# Process ID: 11096
# Current directory: /home/feliks/Vivado/AutoCorrelationFunction/AutoCorrelationFunction.sim/sim_1/behav/xsim
# Command line: wbtcv -mode batch -source /home/feliks/Vivado/AutoCorrelationFunction/AutoCorrelationFunction.sim/sim_1/behav/xsim/xsim.dir/ACF_AXI_tb_behav/webtalk/xsim_webtalk.tcl -notrace
# Log file: /home/feliks/Vivado/AutoCorrelationFunction/AutoCorrelationFunction.sim/sim_1/behav/xsim/webtalk.log
# Journal file: /home/feliks/Vivado/AutoCorrelationFunction/AutoCorrelationFunction.sim/sim_1/behav/xsim/webtalk.jou
#-----------------------------------------------------------
source /home/feliks/Vivado/AutoCorrelationFunction/AutoCorrelationFunction.sim/sim_1/behav/xsim/xsim.dir/ACF_AXI_tb_behav/webtalk/xsim_webtalk.tcl -notrace
